// Jest Snapshot v1, https://goo.gl/fbAQLP

exports[`HabitAddForm renders 1`] = `
<div>
  <form
    class="add-form"
  >
    <input
      class="add-input"
      placeholder="Habit"
      type="text"
    />
    <button
      class="add-button"
    >
      Add
    </button>
  </form>
</div>
`;
